../Core/Src/main.c:78:5:main	96	static
../Core/Src/main.c:171:6:SystemClock_Config	88	static
../Core/Src/main.c:215:13:MX_ADC1_Init	24	static
../Core/Src/main.c:262:13:MX_TIM3_Init	32	static
../Core/Src/main.c:307:13:MX_USART1_UART_Init	8	static
../Core/Src/main.c:340:13:MX_GPIO_Init	16	static
../Core/Src/main.c:359:6:ADCValue	24	static
../Core/Src/main.c:384:6:UARTTransmit	32	static
../Core/Src/main.c:412:6:HAL_TIM_PeriodElapsedCallback	16	static
../Core/Src/main.c:429:6:Error_Handler	4	static,ignoring_inline_asm
